PROFILE_NAME "HEA100"
TYPE = 1
SUB_TYPE = 1
"HEIGHT" 96.00
"WIDTH" 100.00
"PLATE_THICKNESS" 5.00
"FLANGE_THICKNESS" 8.00
"ROUNDING_RADIUS" 12.00
"CROSS_SECTION_AREA" 2120.0
"WEIGHT_PER_UNIT_LENGTH" 16.70
"MOMENT_OF_INERTIA_X" 3490000.0
"MOMENT_OF_INERTIA_Y" 1340000.0
"SECTION_MODULUS_X" 72800.0
"SECTION_MODULUS_Y" 26800.0
"RADIUS_OF_GYRATION_X" 40.6
"RADIUS_OF_GYRATION_Y" 25.1

PROFILE_NAME "HEA120"
TYPE = 1
SUB_TYPE = 1
"HEIGHT" 114.00
"WIDTH" 120.00
"PLATE_THICKNESS" 5.00
"FLANGE_THICKNESS" 8.00
"ROUNDING_RADIUS" 12.00
"CROSS_SECTION_AREA" 2530.0
"WEIGHT_PER_UNIT_LENGTH" 19.90
"MOMENT_OF_INERTIA_X" 6060000.0
"MOMENT_OF_INERTIA_Y" 2310000.0
"SECTION_MODULUS_X" 106000.0
"SECTION_MODULUS_Y" 38500.0
"RADIUS_OF_GYRATION_X" 48.9
"RADIUS_OF_GYRATION_Y" 30.2

PROFILE_NAME "HEA140"
TYPE = 1
SUB_TYPE = 1
"HEIGHT" 133.00
"WIDTH" 140.00
"PLATE_THICKNESS" 5.50
"FLANGE_THICKNESS" 8.50
"ROUNDING_RADIUS" 12.00
"CROSS_SECTION_AREA" 3140.0
"WEIGHT_PER_UNIT_LENGTH" 24.70
"MOMENT_OF_INERTIA_X" 10300000.0
"MOMENT_OF_INERTIA_Y" 3890000.0
"SECTION_MODULUS_X" 155000.0
"SECTION_MODULUS_Y" 55600.0
"RADIUS_OF_GYRATION_X" 57.3
"RADIUS_OF_GYRATION_Y" 35.2

PROFILE_NAME "HEA160"
TYPE = 1
SUB_TYPE = 1
"HEIGHT" 152.00
"WIDTH" 160.00
"PLATE_THICKNESS" 6.00
"FLANGE_THICKNESS" 9.00
"ROUNDING_RADIUS" 15.00
"CROSS_SECTION_AREA" 3880.0
"WEIGHT_PER_UNIT_LENGTH" 30.40
"MOMENT_OF_INERTIA_X" 16700000.0
"MOMENT_OF_INERTIA_Y" 6160000.0
"SECTION_MODULUS_X" 220000.0
"SECTION_MODULUS_Y" 76900.0
"RADIUS_OF_GYRATION_X" 65.7
"RADIUS_OF_GYRATION_Y" 39.8

PROFILE_NAME "HEA180"
TYPE = 1
SUB_TYPE = 1
"HEIGHT" 171.00
"WIDTH" 180.00
"PLATE_THICKNESS" 6.00
"FLANGE_THICKNESS" 9.50
"ROUNDING_RADIUS" 15.00
"CROSS_SECTION_AREA" 4530.0
"WEIGHT_PER_UNIT_LENGTH" 35.50
"MOMENT_OF_INERTIA_X" 25100000.0
"MOMENT_OF_INERTIA_Y" 9250000.0
"SECTION_MODULUS_X" 294000.0
"SECTION_MODULUS_Y" 103000.0
"RADIUS_OF_GYRATION_X" 74.5
"RADIUS_OF_GYRATION_Y" 45.2

PROFILE_NAME "HEA200"
TYPE = 1
SUB_TYPE = 1
"HEIGHT" 190.00
"WIDTH" 200.00
"PLATE_THICKNESS" 6.50
"FLANGE_THICKNESS" 10.00
"ROUNDING_RADIUS" 18.00
"CROSS_SECTION_AREA" 5380.0
"WEIGHT_PER_UNIT_LENGTH" 42.30
"MOMENT_OF_INERTIA_X" 36900000.0
"MOMENT_OF_INERTIA_Y" 13400000.0
"SECTION_MODULUS_X" 389000.0
"SECTION_MODULUS_Y" 134000.0
"RADIUS_OF_GYRATION_X" 82.8
"RADIUS_OF_GYRATION_Y" 49.8

PROFILE_NAME "HEA220"
TYPE = 1
SUB_TYPE = 1
"HEIGHT" 210.00
"WIDTH" 220.00
"PLATE_THICKNESS" 7.00
"FLANGE_THICKNESS" 11.00
"ROUNDING_RADIUS" 18.00
"CROSS_SECTION_AREA" 6430.0
"WEIGHT_PER_UNIT_LENGTH" 50.50
"MOMENT_OF_INERTIA_X" 54100000.0
"MOMENT_OF_INERTIA_Y" 19500000.0
"SECTION_MODULUS_X" 515000.0
"SECTION_MODULUS_Y" 178000.0
"RADIUS_OF_GYRATION_X" 91.7
"RADIUS_OF_GYRATION_Y" 55.1

PROFILE_NAME "HEA240"
TYPE = 1
SUB_TYPE = 1
"HEIGHT" 230.00
"WIDTH" 240.00
"PLATE_THICKNESS" 7.50
"FLANGE_THICKNESS" 12.00
"ROUNDING_RADIUS" 21.00
"CROSS_SECTION_AREA" 7680.0
"WEIGHT_PER_UNIT_LENGTH" 60.30
"MOMENT_OF_INERTIA_X" 77600000.0
"MOMENT_OF_INERTIA_Y" 27700000.0
"SECTION_MODULUS_X" 675000.0
"SECTION_MODULUS_Y" 231000.0
"RADIUS_OF_GYRATION_X" 108.0
"RADIUS_OF_GYRATION_Y" 60.0

PROFILE_NAME "HEA260"
TYPE = 1
SUB_TYPE = 1
"HEIGHT" 250.00
"WIDTH" 260.00
"PLATE_THICKNESS" 7.50
"FLANGE_THICKNESS" 12.50
"ROUNDING_RADIUS" 24.00
"CROSS_SECTION_AREA" 8680.0
"WEIGHT_PER_UNIT_LENGTH" 68.20
"MOMENT_OF_INERTIA_X" 104500000.0
"MOMENT_OF_INERTIA_Y" 36700000.0
"SECTION_MODULUS_X" 836000.0
"SECTION_MODULUS_Y" 282000.0
"RADIUS_OF_GYRATION_X" 110.0
"RADIUS_OF_GYRATION_Y" 65.0

PROFILE_NAME "HEA280"
TYPE = 1
SUB_TYPE = 1
"HEIGHT" 270.00
"WIDTH" 280.00
"PLATE_THICKNESS" 8.00
"FLANGE_THICKNESS" 13.00
"ROUNDING_RADIUS" 24.00
"CROSS_SECTION_AREA" 9730.0
"WEIGHT_PER_UNIT_LENGTH" 76.40
"MOMENT_OF_INERTIA_X" 136700000.0
"MOMENT_OF_INERTIA_Y" 47600000.0
"SECTION_MODULUS_X" 1010000.0
"SECTION_MODULUS_Y" 340000.0
"RADIUS_OF_GYRATION_X" 119.0
"RADIUS_OF_GYRATION_Y" 70.0

PROFILE_NAME "HEA300"
TYPE = 1
SUB_TYPE = 1
"HEIGHT" 290.00
"WIDTH" 300.00
"PLATE_THICKNESS" 8.50
"FLANGE_THICKNESS" 14.00
"ROUNDING_RADIUS" 27.00
"CROSS_SECTION_AREA" 11300.0
"WEIGHT_PER_UNIT_LENGTH" 88.30
"MOMENT_OF_INERTIA_X" 182600000.0
"MOMENT_OF_INERTIA_Y" 63100000.0
"SECTION_MODULUS_X" 1260000.0
"SECTION_MODULUS_Y" 421000.0
"RADIUS_OF_GYRATION_X" 127.0
"RADIUS_OF_GYRATION_Y" 74.7

PROFILE_NAME "HEA320"
TYPE = 1
SUB_TYPE = 1
"HEIGHT" 310.00
"WIDTH" 300.00
"PLATE_THICKNESS" 9.00
"FLANGE_THICKNESS" 15.50
"ROUNDING_RADIUS" 27.00
"CROSS_SECTION_AREA" 12400.0
"WEIGHT_PER_UNIT_LENGTH" 97.60
"MOMENT_OF_INERTIA_X" 229300000.0
"MOMENT_OF_INERTIA_Y" 69900000.0
"SECTION_MODULUS_X" 1480000.0
"SECTION_MODULUS_Y" 466000.0
"RADIUS_OF_GYRATION_X" 136.0
"RADIUS_OF_GYRATION_Y" 75.1

PROFILE_NAME "HEA340"
TYPE = 1
SUB_TYPE = 1
"HEIGHT" 330.00
"WIDTH" 300.00
"PLATE_THICKNESS" 9.50
"FLANGE_THICKNESS" 16.50
"ROUNDING_RADIUS" 27.00
"CROSS_SECTION_AREA" 13300.0
"WEIGHT_PER_UNIT_LENGTH" 105.00
"MOMENT_OF_INERTIA_X" 276900000.0
"MOMENT_OF_INERTIA_Y" 77400000.0
"SECTION_MODULUS_X" 1680000.0
"SECTION_MODULUS_Y" 496000.0
"RADIUS_OF_GYRATION_X" 144.0
"RADIUS_OF_GYRATION_Y" 74.6

PROFILE_NAME "HEA360"
TYPE = 1
SUB_TYPE = 1
"HEIGHT" 350.00
"WIDTH" 300.00
"PLATE_THICKNESS" 10.00
"FLANGE_THICKNESS" 17.50
"ROUNDING_RADIUS" 27.00
"CROSS_SECTION_AREA" 14300.0
"WEIGHT_PER_UNIT_LENGTH" 112.00
"MOMENT_OF_INERTIA_X" 330900000.0
"MOMENT_OF_INERTIA_Y" 78900000.0
"SECTION_MODULUS_X" 1890000.0
"SECTION_MODULUS_Y" 526000.0
"RADIUS_OF_GYRATION_X" 152.0
"RADIUS_OF_GYRATION_Y" 74.3

PROFILE_NAME "HEA400"
TYPE = 1
SUB_TYPE = 1
"HEIGHT" 390.00
"WIDTH" 300.00
"PLATE_THICKNESS" 11.00
"FLANGE_THICKNESS" 19.00
"ROUNDING_RADIUS" 27.00
"CROSS_SECTION_AREA" 15900.0
"WEIGHT_PER_UNIT_LENGTH" 125.00
"MOMENT_OF_INERTIA_X" 450700000.0
"MOMENT_OF_INERTIA_Y" 85600000.0
"SECTION_MODULUS_X" 2310000.0
"SECTION_MODULUS_Y" 571000.0
"RADIUS_OF_GYRATION_X" 168.0
"RADIUS_OF_GYRATION_Y" 73.4

PROFILE_NAME "HEA450"
TYPE = 1
SUB_TYPE = 1
"HEIGHT" 440.00
"WIDTH" 300.00
"PLATE_THICKNESS" 11.50
"FLANGE_THICKNESS" 21.00
"ROUNDING_RADIUS" 27.00
"CROSS_SECTION_AREA" 17800.0
"WEIGHT_PER_UNIT_LENGTH" 140.00
"MOMENT_OF_INERTIA_X" 637200000.0
"MOMENT_OF_INERTIA_Y" 94700000.0
"SECTION_MODULUS_X" 2900000.0
"SECTION_MODULUS_Y" 631000.0
"RADIUS_OF_GYRATION_X" 189.0
"RADIUS_OF_GYRATION_Y" 72.9

PROFILE_NAME "HEA500"
TYPE = 1
SUB_TYPE = 1
"HEIGHT" 490.00
"WIDTH" 300.00
"PLATE_THICKNESS" 12.00
"FLANGE_THICKNESS" 23.00
"ROUNDING_RADIUS" 27.00
"CROSS_SECTION_AREA" 19800.0
"WEIGHT_PER_UNIT_LENGTH" 155.00
"MOMENT_OF_INERTIA_X" 869700000.0
"MOMENT_OF_INERTIA_Y" 103700000.0
"SECTION_MODULUS_X" 3550000.0
"SECTION_MODULUS_Y" 691000.0
"RADIUS_OF_GYRATION_X" 210.0
"RADIUS_OF_GYRATION_Y" 72.4

PROFILE_NAME "HEA550"
TYPE = 1
SUB_TYPE = 1
"HEIGHT" 540.00
"WIDTH" 300.00
"PLATE_THICKNESS" 12.50
"FLANGE_THICKNESS" 24.00
"ROUNDING_RADIUS" 27.00
"CROSS_SECTION_AREA" 21180.0
"WEIGHT_PER_UNIT_LENGTH" 166.00
"MOMENT_OF_INERTIA_X" 1119320000.0
"MOMENT_OF_INERTIA_Y" 108190000.0
"SECTION_MODULUS_X" 4150000.0
"SECTION_MODULUS_Y" 721000.0
"RADIUS_OF_GYRATION_X" 230.0
"RADIUS_OF_GYRATION_Y" 71.5

PROFILE_NAME "HEA600"
TYPE = 1
SUB_TYPE = 1
"HEIGHT" 590.00
"WIDTH" 300.00
"PLATE_THICKNESS" 13.00
"FLANGE_THICKNESS" 25.00
"ROUNDING_RADIUS" 27.00
"CROSS_SECTION_AREA" 22660.0
"WEIGHT_PER_UNIT_LENGTH" 178.00
"MOMENT_OF_INERTIA_X" 1412080000.0
"MOMENT_OF_INERTIA_Y" 112710000.0
"SECTION_MODULUS_X" 4790000.0
"SECTION_MODULUS_Y" 751000.0
"RADIUS_OF_GYRATION_X" 250.0
"RADIUS_OF_GYRATION_Y" 70.5

PROFILE_NAME "HEA650"
TYPE = 1
SUB_TYPE = 1
"HEIGHT" 640.00
"WIDTH" 300.00
"PLATE_THICKNESS" 13.50
"FLANGE_THICKNESS" 26.00
"ROUNDING_RADIUS" 27.00
"CROSS_SECTION_AREA" 24160.0
"WEIGHT_PER_UNIT_LENGTH" 190.00
"MOMENT_OF_INERTIA_X" 1751780000.0
"MOMENT_OF_INERTIA_Y" 117240000.0
"SECTION_MODULUS_X" 5470000.0
"SECTION_MODULUS_Y" 782000.0
"RADIUS_OF_GYRATION_X" 269.0
"RADIUS_OF_GYRATION_Y" 69.7

PROFILE_NAME "HEA700"
TYPE = 1
SUB_TYPE = 1
"HEIGHT" 690.00
"WIDTH" 300.00
"PLATE_THICKNESS" 14.50
"FLANGE_THICKNESS" 27.00
"ROUNDING_RADIUS" 27.00
"CROSS_SECTION_AREA" 26050.0
"WEIGHT_PER_UNIT_LENGTH" 204.00
"MOMENT_OF_INERTIA_X" 2153010000.0
"MOMENT_OF_INERTIA_Y" 121790000.0
"SECTION_MODULUS_X" 6240000.0
"SECTION_MODULUS_Y" 812000.0
"RADIUS_OF_GYRATION_X" 288.0
"RADIUS_OF_GYRATION_Y" 68.4

PROFILE_NAME "HEA800"
TYPE = 1
SUB_TYPE = 1
"HEIGHT" 790.00
"WIDTH" 300.00
"PLATE_THICKNESS" 15.00
"FLANGE_THICKNESS" 28.00
"ROUNDING_RADIUS" 30.00
"CROSS_SECTION_AREA" 28580.0
"WEIGHT_PER_UNIT_LENGTH" 224.00
"MOMENT_OF_INERTIA_X" 3034420000.0
"MOMENT_OF_INERTIA_Y" 126390000.0
"SECTION_MODULUS_X" 7680000.0
"SECTION_MODULUS_Y" 843000.0
"RADIUS_OF_GYRATION_X" 326.0
"RADIUS_OF_GYRATION_Y" 66.5

PROFILE_NAME "HEA900"
TYPE = 1
SUB_TYPE = 1
"HEIGHT" 890.00
"WIDTH" 300.00
"PLATE_THICKNESS" 16.00
"FLANGE_THICKNESS" 30.00
"ROUNDING_RADIUS" 30.00
"CROSS_SECTION_AREA" 32050.0
"WEIGHT_PER_UNIT_LENGTH" 252.00
"MOMENT_OF_INERTIA_X" 4220750000.0
"MOMENT_OF_INERTIA_Y" 135470000.0
"SECTION_MODULUS_X" 9480000.0
"SECTION_MODULUS_Y" 903000.0
"RADIUS_OF_GYRATION_X" 363.0
"RADIUS_OF_GYRATION_Y" 65.0

PROFILE_NAME "HEA1000"
TYPE = 1
SUB_TYPE = 1
"HEIGHT" 990.00
"WIDTH" 300.00
"PLATE_THICKNESS" 16.50
"FLANGE_THICKNESS" 31.00
"ROUNDING_RADIUS" 30.00
"CROSS_SECTION_AREA" 34680.0
"WEIGHT_PER_UNIT_LENGTH" 272.00
"MOMENT_OF_INERTIA_X" 5538460000.0
"MOMENT_OF_INERTIA_Y" 140040000.0
"SECTION_MODULUS_X" 11190000.0
"SECTION_MODULUS_Y" 934000.0
"RADIUS_OF_GYRATION_X" 400.0
"RADIUS_OF_GYRATION_Y" 63.5

PROFILE_NAME "HEB100"
TYPE = 1
SUB_TYPE = 1
"HEIGHT" 100.00
"WIDTH" 100.00
"PLATE_THICKNESS" 6.00
"FLANGE_THICKNESS" 10.00
"ROUNDING_RADIUS" 12.00
"CROSS_SECTION_AREA" 2600.0
"WEIGHT_PER_UNIT_LENGTH" 20.40
"MOMENT_OF_INERTIA_X" 4500000.0
"MOMENT_OF_INERTIA_Y" 1670000.0
"SECTION_MODULUS_X" 89900.0
"SECTION_MODULUS_Y" 33500.0
"RADIUS_OF_GYRATION_X" 41.6
"RADIUS_OF_GYRATION_Y" 25.3

PROFILE_NAME "HEB120"
TYPE = 1
SUB_TYPE = 1
"HEIGHT" 120.00
"WIDTH" 120.00
"PLATE_THICKNESS" 6.50
"FLANGE_THICKNESS" 11.00
"ROUNDING_RADIUS" 12.00
"CROSS_SECTION_AREA" 3400.0
"WEIGHT_PER_UNIT_LENGTH" 26.70
"MOMENT_OF_INERTIA_X" 8640000.0
"MOMENT_OF_INERTIA_Y" 3180000.0
"SECTION_MODULUS_X" 144000.0
"SECTION_MODULUS_Y" 52900.0
"RADIUS_OF_GYRATION_X" 50.4
"RADIUS_OF_GYRATION_Y" 30.6

PROFILE_NAME "HEB140"
TYPE = 1
SUB_TYPE = 1
"HEIGHT" 140.00
"WIDTH" 140.00
"PLATE_THICKNESS" 7.00
"FLANGE_THICKNESS" 12.00
"ROUNDING_RADIUS" 12.00
"CROSS_SECTION_AREA" 4300.0
"WEIGHT_PER_UNIT_LENGTH" 33.70
"MOMENT_OF_INERTIA_X" 15100000.0
"MOMENT_OF_INERTIA_Y" 5500000.0
"SECTION_MODULUS_X" 216000.0
"SECTION_MODULUS_Y" 78500.0
"RADIUS_OF_GYRATION_X" 59.3
"RADIUS_OF_GYRATION_Y" 35.8

PROFILE_NAME "HEB160"
TYPE = 1
SUB_TYPE = 1
"HEIGHT" 160.00
"WIDTH" 160.00
"PLATE_THICKNESS" 8.00
"FLANGE_THICKNESS" 13.00
"ROUNDING_RADIUS" 15.00
"CROSS_SECTION_AREA" 5430.0
"WEIGHT_PER_UNIT_LENGTH" 42.60
"MOMENT_OF_INERTIA_X" 24900000.0
"MOMENT_OF_INERTIA_Y" 8890000.0
"SECTION_MODULUS_X" 311000.0
"SECTION_MODULUS_Y" 111000.0
"RADIUS_OF_GYRATION_X" 67.8
"RADIUS_OF_GYRATION_Y" 40.5

PROFILE_NAME "HEB180"
TYPE = 1
SUB_TYPE = 1
"HEIGHT" 180.00
"WIDTH" 180.00
"PLATE_THICKNESS" 8.50
"FLANGE_THICKNESS" 14.00
"ROUNDING_RADIUS" 15.00
"CROSS_SECTION_AREA" 6530.0
"WEIGHT_PER_UNIT_LENGTH" 51.20
"MOMENT_OF_INERTIA_X" 38300000.0
"MOMENT_OF_INERTIA_Y" 13600000.0
"SECTION_MODULUS_X" 426000.0
"SECTION_MODULUS_Y" 151000.0
"RADIUS_OF_GYRATION_X" 76.6
"RADIUS_OF_GYRATION_Y" 45.7

PROFILE_NAME "HEB200"
TYPE = 1
SUB_TYPE = 1
"HEIGHT" 200.00
"WIDTH" 200.00
"PLATE_THICKNESS" 9.00
"FLANGE_THICKNESS" 15.00
"ROUNDING_RADIUS" 18.00
"CROSS_SECTION_AREA" 7810.0
"WEIGHT_PER_UNIT_LENGTH" 61.30
"MOMENT_OF_INERTIA_X" 57000000.0
"MOMENT_OF_INERTIA_Y" 20000000.0
"SECTION_MODULUS_X" 570000.0
"SECTION_MODULUS_Y" 200000.0
"RADIUS_OF_GYRATION_X" 85.4
"RADIUS_OF_GYRATION_Y" 50.7

PROFILE_NAME "HEB220"
TYPE = 1
SUB_TYPE = 1
"HEIGHT" 220.00
"WIDTH" 220.00
"PLATE_THICKNESS" 9.50
"FLANGE_THICKNESS" 16.00
"ROUNDING_RADIUS" 18.00
"CROSS_SECTION_AREA" 9100.0
"WEIGHT_PER_UNIT_LENGTH" 71.50
"MOMENT_OF_INERTIA_X" 80900000.0
"MOMENT_OF_INERTIA_Y" 28400000.0
"SECTION_MODULUS_X" 736000.0
"SECTION_MODULUS_Y" 258000.0
"RADIUS_OF_GYRATION_X" 94.3
"RADIUS_OF_GYRATION_Y" 55.9

PROFILE_NAME "HEB240"
TYPE = 1
SUB_TYPE = 1
"HEIGHT" 240.00
"WIDTH" 240.00
"PLATE_THICKNESS" 10.00
"FLANGE_THICKNESS" 17.00
"ROUNDING_RADIUS" 21.00
"CROSS_SECTION_AREA" 10600.0
"WEIGHT_PER_UNIT_LENGTH" 83.20
"MOMENT_OF_INERTIA_X" 112600000.0
"MOMENT_OF_INERTIA_Y" 39200000.0
"SECTION_MODULUS_X" 938000.0
"SECTION_MODULUS_Y" 327000.0
"RADIUS_OF_GYRATION_X" 103.0
"RADIUS_OF_GYRATION_Y" 60.8

PROFILE_NAME "HEB260"
TYPE = 1
SUB_TYPE = 1
"HEIGHT" 260.00
"WIDTH" 260.00
"PLATE_THICKNESS" 10.00
"FLANGE_THICKNESS" 17.50
"ROUNDING_RADIUS" 24.00
"CROSS_SECTION_AREA" 11800.0
"WEIGHT_PER_UNIT_LENGTH" 93.00
"MOMENT_OF_INERTIA_X" 149200000.0
"MOMENT_OF_INERTIA_Y" 51300000.0
"SECTION_MODULUS_X" 1150000.0
"SECTION_MODULUS_Y" 395000.0
"RADIUS_OF_GYRATION_X" 112.0
"RADIUS_OF_GYRATION_Y" 65.8

PROFILE_NAME "HEB280"
TYPE = 1
SUB_TYPE = 1
"HEIGHT" 280.00
"WIDTH" 280.00
"PLATE_THICKNESS" 10.50
"FLANGE_THICKNESS" 18.00
"ROUNDING_RADIUS" 24.00
"CROSS_SECTION_AREA" 13100.0
"WEIGHT_PER_UNIT_LENGTH" 103.00
"MOMENT_OF_INERTIA_X" 192700000.0
"MOMENT_OF_INERTIA_Y" 65900000.0
"SECTION_MODULUS_X" 1380000.0
"SECTION_MODULUS_Y" 471000.0
"RADIUS_OF_GYRATION_X" 121.0
"RADIUS_OF_GYRATION_Y" 70.9

PROFILE_NAME "HEB300"
TYPE = 1
SUB_TYPE = 1
"HEIGHT" 300.00
"WIDTH" 300.00
"PLATE_THICKNESS" 11.00
"FLANGE_THICKNESS" 19.00
"ROUNDING_RADIUS" 27.00
"CROSS_SECTION_AREA" 14900.0
"WEIGHT_PER_UNIT_LENGTH" 117.00
"MOMENT_OF_INERTIA_X" 251700000.0
"MOMENT_OF_INERTIA_Y" 85600000.0
"SECTION_MODULUS_X" 1680000.0
"SECTION_MODULUS_Y" 571000.0
"RADIUS_OF_GYRATION_X" 130.0
"RADIUS_OF_GYRATION_Y" 75.8

PROFILE_NAME "HEB320"
TYPE = 1
SUB_TYPE = 1
"HEIGHT" 320.00
"WIDTH" 300.00
"PLATE_THICKNESS" 11.50
"FLANGE_THICKNESS" 20.50
"ROUNDING_RADIUS" 27.00
"CROSS_SECTION_AREA" 16100.0
"WEIGHT_PER_UNIT_LENGTH" 127.00
"MOMENT_OF_INERTIA_X" 308200000.0
"MOMENT_OF_INERTIA_Y" 92400000.0
"SECTION_MODULUS_X" 1930000.0
"SECTION_MODULUS_Y" 616000.0
"RADIUS_OF_GYRATION_X" 138.0
"RADIUS_OF_GYRATION_Y" 75.7

PROFILE_NAME "HEB340"
TYPE = 1
SUB_TYPE = 1
"HEIGHT" 340.00
"WIDTH" 300.00
"PLATE_THICKNESS" 12.00
"FLANGE_THICKNESS" 21.50
"ROUNDING_RADIUS" 27.00
"CROSS_SECTION_AREA" 17100.0
"WEIGHT_PER_UNIT_LENGTH" 134.00
"MOMENT_OF_INERTIA_X" 366600000.0
"MOMENT_OF_INERTIA_Y" 96900000.0
"SECTION_MODULUS_X" 2160000.0
"SECTION_MODULUS_Y" 646000.0
"RADIUS_OF_GYRATION_X" 146.0
"RADIUS_OF_GYRATION_Y" 75.3

PROFILE_NAME "HEB360"
TYPE = 1
SUB_TYPE = 1
"HEIGHT" 360.00
"WIDTH" 300.00
"PLATE_THICKNESS" 12.50
"FLANGE_THICKNESS" 22.50
"ROUNDING_RADIUS" 27.00
"CROSS_SECTION_AREA" 18100.0
"WEIGHT_PER_UNIT_LENGTH" 142.00
"MOMENT_OF_INERTIA_X" 431900000.0
"MOMENT_OF_INERTIA_Y" 101400000.0
"SECTION_MODULUS_X" 2400000.0
"SECTION_MODULUS_Y" 676000.0
"RADIUS_OF_GYRATION_X" 155.0
"RADIUS_OF_GYRATION_Y" 74.9

PROFILE_NAME "HEB400"
TYPE = 1
SUB_TYPE = 1
"HEIGHT" 400.00
"WIDTH" 300.00
"PLATE_THICKNESS" 13.50
"FLANGE_THICKNESS" 24.00
"ROUNDING_RADIUS" 27.00
"CROSS_SECTION_AREA" 19800.0
"WEIGHT_PER_UNIT_LENGTH" 155.00
"MOMENT_OF_INERTIA_X" 576800000.0
"MOMENT_OF_INERTIA_Y" 108200000.0
"SECTION_MODULUS_X" 2880000.0
"SECTION_MODULUS_Y" 721000.0
"RADIUS_OF_GYRATION_X" 171.0
"RADIUS_OF_GYRATION_Y" 74.0

PROFILE_NAME "HEB450"
TYPE = 1
SUB_TYPE = 1
"HEIGHT" 450.00
"WIDTH" 300.00
"PLATE_THICKNESS" 14.00
"FLANGE_THICKNESS" 26.00
"ROUNDING_RADIUS" 27.00
"CROSS_SECTION_AREA" 21800.0
"WEIGHT_PER_UNIT_LENGTH" 171.00
"MOMENT_OF_INERTIA_X" 798900000.0
"MOMENT_OF_INERTIA_Y" 117200000.0
"SECTION_MODULUS_X" 3550000.0
"SECTION_MODULUS_Y" 781000.0
"RADIUS_OF_GYRATION_X" 191.0
"RADIUS_OF_GYRATION_Y" 73.3

PROFILE_NAME "HEB500"
TYPE = 1
SUB_TYPE = 1
"HEIGHT" 500.00
"WIDTH" 300.00
"PLATE_THICKNESS" 14.50
"FLANGE_THICKNESS" 28.00
"ROUNDING_RADIUS" 27.00
"CROSS_SECTION_AREA" 23900.0
"WEIGHT_PER_UNIT_LENGTH" 187.00
"MOMENT_OF_INERTIA_X" 1072000000.0
"MOMENT_OF_INERTIA_Y" 126200000.0
"SECTION_MODULUS_X" 4290000.0
"SECTION_MODULUS_Y" 842000.0
"RADIUS_OF_GYRATION_X" 212.0
"RADIUS_OF_GYRATION_Y" 72.7

PROFILE_NAME "HEB550"
TYPE = 1
SUB_TYPE = 1
"HEIGHT" 550.00
"WIDTH" 300.00
"PLATE_THICKNESS" 15.00
"FLANGE_THICKNESS" 29.00
"ROUNDING_RADIUS" 27.00
"CROSS_SECTION_AREA" 25410.0
"WEIGHT_PER_UNIT_LENGTH" 199.00
"MOMENT_OF_INERTIA_X" 1366910000.0
"MOMENT_OF_INERTIA_Y" 130770000.0
"SECTION_MODULUS_X" 4970000.0
"SECTION_MODULUS_Y" 872000.0
"RADIUS_OF_GYRATION_X" 232.0
"RADIUS_OF_GYRATION_Y" 71.7

PROFILE_NAME "HEB600"
TYPE = 1
SUB_TYPE = 1
"HEIGHT" 600.00
"WIDTH" 300.00
"PLATE_THICKNESS" 15.50
"FLANGE_THICKNESS" 30.00
"ROUNDING_RADIUS" 27.00
"CROSS_SECTION_AREA" 27000.0
"WEIGHT_PER_UNIT_LENGTH" 212.00
"MOMENT_OF_INERTIA_X" 1710410000.0
"MOMENT_OF_INERTIA_Y" 133500000.0
"SECTION_MODULUS_X" 5790000.0
"SECTION_MODULUS_Y" 902000.0
"RADIUS_OF_GYRATION_X" 252.0
"RADIUS_OF_GYRATION_Y" 70.8

PROFILE_NAME "HEB650"
TYPE = 1
SUB_TYPE = 1
"HEIGHT" 650.00
"WIDTH" 300.00
"PLATE_THICKNESS" 16.00
"FLANGE_THICKNESS" 31.00
"ROUNDING_RADIUS" 27.00
"CROSS_SECTION_AREA" 28630.0
"WEIGHT_PER_UNIT_LENGTH" 225.00
"MOMENT_OF_INERTIA_X" 2106160000.0
"MOMENT_OF_INERTIA_Y" 139840000.0
"SECTION_MODULUS_X" 6480000.0
"SECTION_MODULUS_Y" 932000.0
"RADIUS_OF_GYRATION_X" 271.0
"RADIUS_OF_GYRATION_Y" 69.9

PROFILE_NAME "HEB700"
TYPE = 1
SUB_TYPE = 1
"HEIGHT" 700.00
"WIDTH" 300.00
"PLATE_THICKNESS" 17.00
"FLANGE_THICKNESS" 32.00
"ROUNDING_RADIUS" 27.00
"CROSS_SECTION_AREA" 30640.0
"WEIGHT_PER_UNIT_LENGTH" 241.00
"MOMENT_OF_INERTIA_X" 2568880000.0
"MOMENT_OF_INERTIA_Y" 144410000.0
"SECTION_MODULUS_X" 7340000.0
"SECTION_MODULUS_Y" 963000.0
"RADIUS_OF_GYRATION_X" 290.0
"RADIUS_OF_GYRATION_Y" 68.7

PROFILE_NAME "HEB800"
TYPE = 1
SUB_TYPE = 1
"HEIGHT" 800.00
"WIDTH" 300.00
"PLATE_THICKNESS" 17.50
"FLANGE_THICKNESS" 33.00
"ROUNDING_RADIUS" 30.00
"CROSS_SECTION_AREA" 33420.0
"WEIGHT_PER_UNIT_LENGTH" 262.00
"MOMENT_OF_INERTIA_X" 3590830000.0
"MOMENT_OF_INERTIA_Y" 149040000.0
"SECTION_MODULUS_X" 8980000.0
"SECTION_MODULUS_Y" 994000.0
"RADIUS_OF_GYRATION_X" 328.0
"RADIUS_OF_GYRATION_Y" 66.8

PROFILE_NAME "HEB900"
TYPE = 1
SUB_TYPE = 1
"HEIGHT" 900.00
"WIDTH" 300.00
"PLATE_THICKNESS" 18.50
"FLANGE_THICKNESS" 35.00
"ROUNDING_RADIUS" 30.00
"CROSS_SECTION_AREA" 37130.0
"WEIGHT_PER_UNIT_LENGTH" 291.00
"MOMENT_OF_INERTIA_X" 4940650000.0
"MOMENT_OF_INERTIA_Y" 158160000.0
"SECTION_MODULUS_X" 10980000.0
"SECTION_MODULUS_Y" 1050000.0
"RADIUS_OF_GYRATION_X" 365.0
"RADIUS_OF_GYRATION_Y" 65.3

PROFILE_NAME "HEB1000"
TYPE = 1
SUB_TYPE = 1
"HEIGHT" 1000.00
"WIDTH" 300.00
"PLATE_THICKNESS" 19.00
"FLANGE_THICKNESS" 36.00
"ROUNDING_RADIUS" 30.00
"CROSS_SECTION_AREA" 40000.0
"WEIGHT_PER_UNIT_LENGTH" 314.00
"MOMENT_OF_INERTIA_X" 6647480000.0
"MOMENT_OF_INERTIA_Y" 162760000.0
"SECTION_MODULUS_X" 12890000.0
"SECTION_MODULUS_Y" 1090000.0
"RADIUS_OF_GYRATION_X" 401.0
"RADIUS_OF_GYRATION_Y" 63.8

PROFILE_NAME "HEM100"
TYPE = 1
SUB_TYPE = 1
"HEIGHT" 120.00
"WIDTH" 106.00
"PLATE_THICKNESS" 12.00
"FLANGE_THICKNESS" 20.00
"ROUNDING_RADIUS" 12.00
"CROSS_SECTION_AREA" 5320.0
"WEIGHT_PER_UNIT_LENGTH" 41.80
"MOMENT_OF_INERTIA_X" 11430000.0
"MOMENT_OF_INERTIA_Y" 3990000.0
"SECTION_MODULUS_X" 190000.0
"SECTION_MODULUS_Y" 75000.0
"RADIUS_OF_GYRATION_X" 46.3
"RADIUS_OF_GYRATION_Y" 27.4

PROFILE_NAME "HEM120"
TYPE = 1
SUB_TYPE = 1
"HEIGHT" 140.00
"WIDTH" 126.00
"PLATE_THICKNESS" 12.50
"FLANGE_THICKNESS" 21.00
"ROUNDING_RADIUS" 12.00
"CROSS_SECTION_AREA" 6640.0
"WEIGHT_PER_UNIT_LENGTH" 52.10
"MOMENT_OF_INERTIA_X" 20180000.0
"MOMENT_OF_INERTIA_Y" 7030000.0
"SECTION_MODULUS_X" 288000.0
"SECTION_MODULUS_Y" 112000.0
"RADIUS_OF_GYRATION_X" 55.1
"RADIUS_OF_GYRATION_Y" 32.5

PROFILE_NAME "HEM140"
TYPE = 1
SUB_TYPE = 1
"HEIGHT" 160.00
"WIDTH" 146.00
"PLATE_THICKNESS" 13.00
"FLANGE_THICKNESS" 22.00
"ROUNDING_RADIUS" 12.00
"CROSS_SECTION_AREA" 8060.0
"WEIGHT_PER_UNIT_LENGTH" 63.20
"MOMENT_OF_INERTIA_X" 32910000.0
"MOMENT_OF_INERTIA_Y" 11440000.0
"SECTION_MODULUS_X" 411000.0
"SECTION_MODULUS_Y" 157000.0
"RADIUS_OF_GYRATION_X" 63.9
"RADIUS_OF_GYRATION_Y" 37.7

PROFILE_NAME "HEM160"
TYPE = 1
SUB_TYPE = 1
"HEIGHT" 180.00
"WIDTH" 166.00
"PLATE_THICKNESS" 14.00
"FLANGE_THICKNESS" 23.00
"ROUNDING_RADIUS" 15.00
"CROSS_SECTION_AREA" 9710.0
"WEIGHT_PER_UNIT_LENGTH" 76.20
"MOMENT_OF_INERTIA_X" 50980000.0
"MOMENT_OF_INERTIA_Y" 17590000.0
"SECTION_MODULUS_X" 566000.0
"SECTION_MODULUS_Y" 212000.0
"RADIUS_OF_GYRATION_X" 72.5
"RADIUS_OF_GYRATION_Y" 42.6

PROFILE_NAME "HEM180"
TYPE = 1
SUB_TYPE = 1
"HEIGHT" 200.00
"WIDTH" 186.00
"PLATE_THICKNESS" 14.50
"FLANGE_THICKNESS" 24.00
"ROUNDING_RADIUS" 15.00
"CROSS_SECTION_AREA" 11330.0
"WEIGHT_PER_UNIT_LENGTH" 88.90
"MOMENT_OF_INERTIA_X" 74830000.0
"MOMENT_OF_INERTIA_Y" 25800000.0
"SECTION_MODULUS_X" 748000.0
"SECTION_MODULUS_Y" 277000.0
"RADIUS_OF_GYRATION_X" 81.3
"RADIUS_OF_GYRATION_Y" 47.7

PROFILE_NAME "HEM200"
TYPE = 1
SUB_TYPE = 1
"HEIGHT" 220.00
"WIDTH" 206.00
"PLATE_THICKNESS" 15.00
"FLANGE_THICKNESS" 25.00
"ROUNDING_RADIUS" 18.00
"CROSS_SECTION_AREA" 13110.0
"WEIGHT_PER_UNIT_LENGTH" 103.00
"MOMENT_OF_INERTIA_X" 106420000.0
"MOMENT_OF_INERTIA_Y" 36510000.0
"SECTION_MODULUS_X" 967000.0
"SECTION_MODULUS_Y" 354000.0
"RADIUS_OF_GYRATION_X" 90.0
"RADIUS_OF_GYRATION_Y" 52.7

PROFILE_NAME "HEM220"
TYPE = 1
SUB_TYPE = 1
"HEIGHT" 240.00
"WIDTH" 226.00
"PLATE_THICKNESS" 15.50
"FLANGE_THICKNESS" 26.00
"ROUNDING_RADIUS" 18.00
"CROSS_SECTION_AREA" 14940.0
"WEIGHT_PER_UNIT_LENGTH" 117.00
"MOMENT_OF_INERTIA_X" 146050000.0
"MOMENT_OF_INERTIA_Y" 50120000.0
"SECTION_MODULUS_X" 1220000.0
"SECTION_MODULUS_Y" 444000.0
"RADIUS_OF_GYRATION_X" 98.9
"RADIUS_OF_GYRATION_Y" 57.9

PROFILE_NAME "HEM240"
TYPE = 1
SUB_TYPE = 1
"HEIGHT" 270.00
"WIDTH" 248.00
"PLATE_THICKNESS" 18.00
"FLANGE_THICKNESS" 32.00
"ROUNDING_RADIUS" 21.00
"CROSS_SECTION_AREA" 19960.0
"WEIGHT_PER_UNIT_LENGTH" 157.00
"MOMENT_OF_INERTIA_X" 242890000.0
"MOMENT_OF_INERTIA_Y" 81530000.0
"SECTION_MODULUS_X" 1800000.0
"SECTION_MODULUS_Y" 657000.0
"RADIUS_OF_GYRATION_X" 110.0
"RADIUS_OF_GYRATION_Y" 63.9

PROFILE_NAME "HEM260"
TYPE = 1
SUB_TYPE = 1
"HEIGHT" 290.00
"WIDTH" 268.00
"PLATE_THICKNESS" 18.00
"FLANGE_THICKNESS" 32.50
"ROUNDING_RADIUS" 24.00
"CROSS_SECTION_AREA" 21960.0
"WEIGHT_PER_UNIT_LENGTH" 172.00
"MOMENT_OF_INERTIA_X" 313070000.0
"MOMENT_OF_INERTIA_Y" 104490000.0
"SECTION_MODULUS_X" 2160000.0
"SECTION_MODULUS_Y" 780000.0
"RADIUS_OF_GYRATION_X" 119.0
"RADIUS_OF_GYRATION_Y" 69.0

PROFILE_NAME "HEM280"
TYPE = 1
SUB_TYPE = 1
"HEIGHT" 310.00
"WIDTH" 288.00
"PLATE_THICKNESS" 18.50
"FLANGE_THICKNESS" 33.00
"ROUNDING_RADIUS" 24.00
"CROSS_SECTION_AREA" 24020.0
"WEIGHT_PER_UNIT_LENGTH" 189.00
"MOMENT_OF_INERTIA_X" 395470000.0
"MOMENT_OF_INERTIA_Y" 131630000.0
"SECTION_MODULUS_X" 2500000.0
"SECTION_MODULUS_Y" 914000.0
"RADIUS_OF_GYRATION_X" 128.0
"RADIUS_OF_GYRATION_Y" 74.0

PROFILE_NAME "HEM300"
TYPE = 1
SUB_TYPE = 1
"HEIGHT" 340.00
"WIDTH" 310.00
"PLATE_THICKNESS" 21.00
"FLANGE_THICKNESS" 39.00
"ROUNDING_RADIUS" 27.00
"CROSS_SECTION_AREA" 30310.0
"WEIGHT_PER_UNIT_LENGTH" 238.00
"MOMENT_OF_INERTIA_X" 592010000.0
"MOMENT_OF_INERTIA_Y" 194030000.0
"SECTION_MODULUS_X" 3480000.0
"SECTION_MODULUS_Y" 1250000.0
"RADIUS_OF_GYRATION_X" 140.0
"RADIUS_OF_GYRATION_Y" 80.0

PROFILE_NAME "HEM320"
TYPE = 1
SUB_TYPE = 1
"HEIGHT" 359.00
"WIDTH" 309.00
"PLATE_THICKNESS" 21.00
"FLANGE_THICKNESS" 40.00
"ROUNDING_RADIUS" 27.00
"CROSS_SECTION_AREA" 31200.0
"WEIGHT_PER_UNIT_LENGTH" 245.00
"MOMENT_OF_INERTIA_X" 681350000.0
"MOMENT_OF_INERTIA_Y" 197090000.0
"SECTION_MODULUS_X" 3800000.0
"SECTION_MODULUS_Y" 1280000.0
"RADIUS_OF_GYRATION_X" 148.0
"RADIUS_OF_GYRATION_Y" 79.5

PROFILE_NAME "HEM340"
TYPE = 1
SUB_TYPE = 1
"HEIGHT" 377.00
"WIDTH" 309.00
"PLATE_THICKNESS" 21.00
"FLANGE_THICKNESS" 40.00
"ROUNDING_RADIUS" 27.00
"CROSS_SECTION_AREA" 31580.0
"WEIGHT_PER_UNIT_LENGTH" 248.00
"MOMENT_OF_INERTIA_X" 763720000.0
"MOMENT_OF_INERTIA_Y" 197110000.0
"SECTION_MODULUS_X" 4050000.0
"SECTION_MODULUS_Y" 1280000.0
"RADIUS_OF_GYRATION_X" 156.0
"RADIUS_OF_GYRATION_Y" 79.0

PROFILE_NAME "HEM360"
TYPE = 1
SUB_TYPE = 1
"HEIGHT" 395.00
"WIDTH" 308.00
"PLATE_THICKNESS" 21.00
"FLANGE_THICKNESS" 40.00
"ROUNDING_RADIUS" 27.00
"CROSS_SECTION_AREA" 31880.0
"WEIGHT_PER_UNIT_LENGTH" 250.00
"MOMENT_OF_INERTIA_X" 848670000.0
"MOMENT_OF_INERTIA_Y" 195220000.0
"SECTION_MODULUS_X" 4300000.0
"SECTION_MODULUS_Y" 1270000.0
"RADIUS_OF_GYRATION_X" 163.0
"RADIUS_OF_GYRATION_Y" 78.3

PROFILE_NAME "HEM400"
TYPE = 1
SUB_TYPE = 1
"HEIGHT" 432.00
"WIDTH" 307.00
"PLATE_THICKNESS" 21.00
"FLANGE_THICKNESS" 40.00
"ROUNDING_RADIUS" 27.00
"CROSS_SECTION_AREA" 32580.0
"WEIGHT_PER_UNIT_LENGTH" 256.00
"MOMENT_OF_INERTIA_X" 1041190000.0
"MOMENT_OF_INERTIA_Y" 193350000.0
"SECTION_MODULUS_X" 4820000.0
"SECTION_MODULUS_Y" 1260000.0
"RADIUS_OF_GYRATION_X" 179.0
"RADIUS_OF_GYRATION_Y" 77.0

PROFILE_NAME "HEM450"
TYPE = 1
SUB_TYPE = 1
"HEIGHT" 478.00
"WIDTH" 307.00
"PLATE_THICKNESS" 21.00
"FLANGE_THICKNESS" 40.00
"ROUNDING_RADIUS" 27.00
"CROSS_SECTION_AREA" 33540.0
"WEIGHT_PER_UNIT_LENGTH" 263.00
"MOMENT_OF_INERTIA_X" 1314840000.0
"MOMENT_OF_INERTIA_Y" 193390000.0
"SECTION_MODULUS_X" 5500000.0
"SECTION_MODULUS_Y" 1260000.0
"RADIUS_OF_GYRATION_X" 198.0
"RADIUS_OF_GYRATION_Y" 75.9

PROFILE_NAME "HEM500"
TYPE = 1
SUB_TYPE = 1
"HEIGHT" 524.00
"WIDTH" 306.00
"PLATE_THICKNESS" 21.00
"FLANGE_THICKNESS" 40.00
"ROUNDING_RADIUS" 27.00
"CROSS_SECTION_AREA" 34430.0
"WEIGHT_PER_UNIT_LENGTH" 270.00
"MOMENT_OF_INERTIA_X" 1619290000.0
"MOMENT_OF_INERTIA_Y" 191550000.0
"SECTION_MODULUS_X" 6180000.0
"SECTION_MODULUS_Y" 1250000.0
"RADIUS_OF_GYRATION_X" 217.0
"RADIUS_OF_GYRATION_Y" 74.6

PROFILE_NAME "HEM550"
TYPE = 1
SUB_TYPE = 1
"HEIGHT" 572.00
"WIDTH" 306.00
"PLATE_THICKNESS" 21.00
"FLANGE_THICKNESS" 40.00
"ROUNDING_RADIUS" 27.00
"CROSS_SECTION_AREA" 35440.0
"WEIGHT_PER_UNIT_LENGTH" 278.00
"MOMENT_OF_INERTIA_X" 1979840000.0
"MOMENT_OF_INERTIA_Y" 191580000.0
"SECTION_MODULUS_X" 6920000.0
"SECTION_MODULUS_Y" 1250000.0
"RADIUS_OF_GYRATION_X" 236.0
"RADIUS_OF_GYRATION_Y" 73.5

PROFILE_NAME "HEM600"
TYPE = 1
SUB_TYPE = 1
"HEIGHT" 620.00
"WIDTH" 305.00
"PLATE_THICKNESS" 21.00
"FLANGE_THICKNESS" 40.00
"ROUNDING_RADIUS" 27.00
"CROSS_SECTION_AREA" 36370.0
"WEIGHT_PER_UNIT_LENGTH" 285.00
"MOMENT_OF_INERTIA_X" 2374470000.0
"MOMENT_OF_INERTIA_Y" 189750000.0
"SECTION_MODULUS_X" 7660000.0
"SECTION_MODULUS_Y" 1240000.0
"RADIUS_OF_GYRATION_X" 256.0
"RADIUS_OF_GYRATION_Y" 72.2

PROFILE_NAME "HEM650"
TYPE = 1
SUB_TYPE = 1
"HEIGHT" 668.00
"WIDTH" 305.00
"PLATE_THICKNESS" 21.00
"FLANGE_THICKNESS" 40.00
"ROUNDING_RADIUS" 27.00
"CROSS_SECTION_AREA" 37370.0
"WEIGHT_PER_UNIT_LENGTH" 293.00
"MOMENT_OF_INERTIA_X" 2816670000.0
"MOMENT_OF_INERTIA_Y" 189790000.0
"SECTION_MODULUS_X" 8430000.0
"SECTION_MODULUS_Y" 1240000.0
"RADIUS_OF_GYRATION_X" 275.0
"RADIUS_OF_GYRATION_Y" 71.3

PROFILE_NAME "HEM700"
TYPE = 1
SUB_TYPE = 1
"HEIGHT" 716.00
"WIDTH" 304.00
"PLATE_THICKNESS" 21.00
"FLANGE_THICKNESS" 40.00
"ROUNDING_RADIUS" 27.00
"CROSS_SECTION_AREA" 38300.0
"WEIGHT_PER_UNIT_LENGTH" 301.00
"MOMENT_OF_INERTIA_X" 3292780000.0
"MOMENT_OF_INERTIA_Y" 187970000.0
"SECTION_MODULUS_X" 9200000.0
"SECTION_MODULUS_Y" 1240000.0
"RADIUS_OF_GYRATION_X" 293.0
"RADIUS_OF_GYRATION_Y" 70.1

PROFILE_NAME "HEM800"
TYPE = 1
SUB_TYPE = 1
"HEIGHT" 814.00
"WIDTH" 303.00
"PLATE_THICKNESS" 21.00
"FLANGE_THICKNESS" 40.00
"ROUNDING_RADIUS" 30.00
"CROSS_SECTION_AREA" 40430.0
"WEIGHT_PER_UNIT_LENGTH" 317.00
"MOMENT_OF_INERTIA_X" 4425980000.0
"MOMENT_OF_INERTIA_Y" 186270000.0
"SECTION_MODULUS_X" 10870000.0
"SECTION_MODULUS_Y" 1230000.0
"RADIUS_OF_GYRATION_X" 331.0
"RADIUS_OF_GYRATION_Y" 67.9

PROFILE_NAME "HEM900"
TYPE = 1
SUB_TYPE = 1
"HEIGHT" 910.00
"WIDTH" 302.00
"PLATE_THICKNESS" 21.00
"FLANGE_THICKNESS" 40.00
"ROUNDING_RADIUS" 30.00
"CROSS_SECTION_AREA" 42360.0
"WEIGHT_PER_UNIT_LENGTH" 333.00
"MOMENT_OF_INERTIA_X" 5704340000.0
"MOMENT_OF_INERTIA_Y" 184520000.0
"SECTION_MODULUS_X" 12540000.0
"SECTION_MODULUS_Y" 1220000.0
"RADIUS_OF_GYRATION_X" 367.0
"RADIUS_OF_GYRATION_Y" 66.0

PROFILE_NAME "HEM1000"
TYPE = 1
SUB_TYPE = 1
"HEIGHT" 1008.00
"WIDTH" 302.00
"PLATE_THICKNESS" 21.00
"FLANGE_THICKNESS" 40.00
"ROUNDING_RADIUS" 30.00
"CROSS_SECTION_AREA" 44220.0
"WEIGHT_PER_UNIT_LENGTH" 349.00
"MOMENT_OF_INERTIA_X" 7222990000.0
"MOMENT_OF_INERTIA_Y" 184590000.0
"SECTION_MODULUS_X" 14330000.0
"SECTION_MODULUS_Y" 1220000.0
"RADIUS_OF_GYRATION_X" 403.0
"RADIUS_OF_GYRATION_Y" 64.5

PROFILE_NAME "IPE80"
TYPE = 1
SUB_TYPE = 1
"HEIGHT" 80.00
"WIDTH" 46.00
"PLATE_THICKNESS" 3.80
"FLANGE_THICKNESS" 5.20
"ROUNDING_RADIUS" 5.00
"CROSS_SECTION_AREA" 764.0
"WEIGHT_PER_UNIT_LENGTH" 6.00
"MOMENT_OF_INERTIA_X" 801400.0
"MOMENT_OF_INERTIA_Y" 84900.0
"SECTION_MODULUS_X" 20030.0
"SECTION_MODULUS_Y" 3690.0
"RADIUS_OF_GYRATION_X" 32.4
"RADIUS_OF_GYRATION_Y" 10.5

PROFILE_NAME "IPE100"
TYPE = 1
SUB_TYPE = 1
"HEIGHT" 100.00
"WIDTH" 55.00
"PLATE_THICKNESS" 4.10
"FLANGE_THICKNESS" 5.70
"ROUNDING_RADIUS" 7.00
"CROSS_SECTION_AREA" 1032.0
"WEIGHT_PER_UNIT_LENGTH" 8.10
"MOMENT_OF_INERTIA_X" 1710000.0
"MOMENT_OF_INERTIA_Y" 159000.0
"SECTION_MODULUS_X" 34200.0
"SECTION_MODULUS_Y" 5790.0
"RADIUS_OF_GYRATION_X" 40.7
"RADIUS_OF_GYRATION_Y" 12.4

PROFILE_NAME "IPE120"
TYPE = 1
SUB_TYPE = 1
"HEIGHT" 120.00
"WIDTH" 64.00
"PLATE_THICKNESS" 4.40
"FLANGE_THICKNESS" 6.30
"ROUNDING_RADIUS" 7.00
"CROSS_SECTION_AREA" 1320.0
"WEIGHT_PER_UNIT_LENGTH" 10.40
"MOMENT_OF_INERTIA_X" 3180000.0
"MOMENT_OF_INERTIA_Y" 277000.0
"SECTION_MODULUS_X" 53000.0
"SECTION_MODULUS_Y" 8650.0
"RADIUS_OF_GYRATION_X" 49.0
"RADIUS_OF_GYRATION_Y" 14.5

PROFILE_NAME "IPE140"
TYPE = 1
SUB_TYPE = 1
"HEIGHT" 140.00
"WIDTH" 73.00
"PLATE_THICKNESS" 4.70
"FLANGE_THICKNESS" 6.90
"ROUNDING_RADIUS" 7.00
"CROSS_SECTION_AREA" 1640.0
"WEIGHT_PER_UNIT_LENGTH" 12.90
"MOMENT_OF_INERTIA_X" 5410000.0
"MOMENT_OF_INERTIA_Y" 449000.0
"SECTION_MODULUS_X" 77300.0
"SECTION_MODULUS_Y" 12300.0
"RADIUS_OF_GYRATION_X" 57.4
"RADIUS_OF_GYRATION_Y" 16.5

PROFILE_NAME "IPE160"
TYPE = 1
SUB_TYPE = 1
"HEIGHT" 160.00
"WIDTH" 82.00
"PLATE_THICKNESS" 5.00
"FLANGE_THICKNESS" 7.40
"ROUNDING_RADIUS" 9.00
"CROSS_SECTION_AREA" 2010.0
"WEIGHT_PER_UNIT_LENGTH" 15.80
"MOMENT_OF_INERTIA_X" 8690000.0
"MOMENT_OF_INERTIA_Y" 683000.0
"SECTION_MODULUS_X" 109000.0
"SECTION_MODULUS_Y" 16700.0
"RADIUS_OF_GYRATION_X" 65.8
"RADIUS_OF_GYRATION_Y" 18.4

PROFILE_NAME "IPE180"
TYPE = 1
SUB_TYPE = 1
"HEIGHT" 180.00
"WIDTH" 91.00
"PLATE_THICKNESS" 5.30
"FLANGE_THICKNESS" 8.00
"ROUNDING_RADIUS" 9.00
"CROSS_SECTION_AREA" 2390.0
"WEIGHT_PER_UNIT_LENGTH" 18.80
"MOMENT_OF_INERTIA_X" 13200000.0
"MOMENT_OF_INERTIA_Y" 1010000.0
"SECTION_MODULUS_X" 146000.0
"SECTION_MODULUS_Y" 22200.0
"RADIUS_OF_GYRATION_X" 74.2
"RADIUS_OF_GYRATION_Y" 20.5

PROFILE_NAME "IPE200"
TYPE = 1
SUB_TYPE = 1
"HEIGHT" 200.00
"WIDTH" 100.00
"PLATE_THICKNESS" 5.60
"FLANGE_THICKNESS" 8.50
"ROUNDING_RADIUS" 12.00
"CROSS_SECTION_AREA" 2850.0
"WEIGHT_PER_UNIT_LENGTH" 22.40
"MOMENT_OF_INERTIA_X" 19400000.0
"MOMENT_OF_INERTIA_Y" 1420000.0
"SECTION_MODULUS_X" 194000.0
"SECTION_MODULUS_Y" 28500.0
"RADIUS_OF_GYRATION_X" 82.6
"RADIUS_OF_GYRATION_Y" 22.4

PROFILE_NAME "IPE220"
TYPE = 1
SUB_TYPE = 1
"HEIGHT" 220.00
"WIDTH" 110.00
"PLATE_THICKNESS" 5.90
"FLANGE_THICKNESS" 9.20
"ROUNDING_RADIUS" 12.00
"CROSS_SECTION_AREA" 3340.0
"WEIGHT_PER_UNIT_LENGTH" 26.20
"MOMENT_OF_INERTIA_X" 27700000.0
"MOMENT_OF_INERTIA_Y" 2050000.0
"SECTION_MODULUS_X" 252000.0
"SECTION_MODULUS_Y" 37300.0
"RADIUS_OF_GYRATION_X" 91.1
"RADIUS_OF_GYRATION_Y" 24.8

PROFILE_NAME "IPE240"
TYPE = 1
SUB_TYPE = 1
"HEIGHT" 240.00
"WIDTH" 120.00
"PLATE_THICKNESS" 6.20
"FLANGE_THICKNESS" 9.80
"ROUNDING_RADIUS" 15.00
"CROSS_SECTION_AREA" 3910.0
"WEIGHT_PER_UNIT_LENGTH" 30.70
"MOMENT_OF_INERTIA_X" 38900000.0
"MOMENT_OF_INERTIA_Y" 2840000.0
"SECTION_MODULUS_X" 324000.0
"SECTION_MODULUS_Y" 47300.0
"RADIUS_OF_GYRATION_X" 99.7
"RADIUS_OF_GYRATION_Y" 26.9

PROFILE_NAME "IPE270"
TYPE = 1
SUB_TYPE = 1
"HEIGHT" 270.00
"WIDTH" 135.00
"PLATE_THICKNESS" 6.60
"FLANGE_THICKNESS" 10.20
"ROUNDING_RADIUS" 15.00
"CROSS_SECTION_AREA" 4590.0
"WEIGHT_PER_UNIT_LENGTH" 36.10
"MOMENT_OF_INERTIA_X" 57900000.0
"MOMENT_OF_INERTIA_Y" 4200000.0
"SECTION_MODULUS_X" 429000.0
"SECTION_MODULUS_Y" 62200.0
"RADIUS_OF_GYRATION_X" 112.0
"RADIUS_OF_GYRATION_Y" 30.2

PROFILE_NAME "IPE300"
TYPE = 1
SUB_TYPE = 1
"HEIGHT" 300.00
"WIDTH" 150.00
"PLATE_THICKNESS" 7.10
"FLANGE_THICKNESS" 10.70
"ROUNDING_RADIUS" 15.00
"CROSS_SECTION_AREA" 5380.0
"WEIGHT_PER_UNIT_LENGTH" 42.20
"MOMENT_OF_INERTIA_X" 83600000.0
"MOMENT_OF_INERTIA_Y" 6040000.0
"SECTION_MODULUS_X" 557000.0
"SECTION_MODULUS_Y" 80500.0
"RADIUS_OF_GYRATION_X" 125.0
"RADIUS_OF_GYRATION_Y" 33.5

PROFILE_NAME "IPE330"
TYPE = 1
SUB_TYPE = 1
"HEIGHT" 330.00
"WIDTH" 160.00
"PLATE_THICKNESS" 7.50
"FLANGE_THICKNESS" 11.50
"ROUNDING_RADIUS" 18.00
"CROSS_SECTION_AREA" 6260.0
"WEIGHT_PER_UNIT_LENGTH" 49.10
"MOMENT_OF_INERTIA_X" 117700000.0
"MOMENT_OF_INERTIA_Y" 7880000.0
"SECTION_MODULUS_X" 713000.0
"SECTION_MODULUS_Y" 98500.0
"RADIUS_OF_GYRATION_X" 137.0
"RADIUS_OF_GYRATION_Y" 35.5

PROFILE_NAME "IPE360"
TYPE = 1
SUB_TYPE = 1
"HEIGHT" 360.00
"WIDTH" 170.00
"PLATE_THICKNESS" 8.00
"FLANGE_THICKNESS" 12.70
"ROUNDING_RADIUS" 18.00
"CROSS_SECTION_AREA" 7270.0
"WEIGHT_PER_UNIT_LENGTH" 57.10
"MOMENT_OF_INERTIA_X" 162700000.0
"MOMENT_OF_INERTIA_Y" 10400000.0
"SECTION_MODULUS_X" 904000.0
"SECTION_MODULUS_Y" 123000.0
"RADIUS_OF_GYRATION_X" 150.0
"RADIUS_OF_GYRATION_Y" 37.9

PROFILE_NAME "IPE400"
TYPE = 1
SUB_TYPE = 1
"HEIGHT" 400.00
"WIDTH" 180.00
"PLATE_THICKNESS" 8.60
"FLANGE_THICKNESS" 13.50
"ROUNDING_RADIUS" 21.00
"CROSS_SECTION_AREA" 8450.0
"WEIGHT_PER_UNIT_LENGTH" 66.30
"MOMENT_OF_INERTIA_X" 231300000.0
"MOMENT_OF_INERTIA_Y" 13200000.0
"SECTION_MODULUS_X" 1160000.0
"SECTION_MODULUS_Y" 146000.0
"RADIUS_OF_GYRATION_X" 165.0
"RADIUS_OF_GYRATION_Y" 39.5

PROFILE_NAME "IPE450"
TYPE = 1
SUB_TYPE = 1
"HEIGHT" 450.00
"WIDTH" 190.00
"PLATE_THICKNESS" 9.40
"FLANGE_THICKNESS" 14.60
"ROUNDING_RADIUS" 21.00
"CROSS_SECTION_AREA" 9880.0
"WEIGHT_PER_UNIT_LENGTH" 77.60
"MOMENT_OF_INERTIA_X" 337400000.0
"MOMENT_OF_INERTIA_Y" 16800000.0
"SECTION_MODULUS_X" 1500000.0
"SECTION_MODULUS_Y" 176000.0
"RADIUS_OF_GYRATION_X" 185.0
"RADIUS_OF_GYRATION_Y" 41.2

PROFILE_NAME "IPE500"
TYPE = 1
SUB_TYPE = 1
"HEIGHT" 500.00
"WIDTH" 200.00
"PLATE_THICKNESS" 10.20
"FLANGE_THICKNESS" 16.00
"ROUNDING_RADIUS" 21.00
"CROSS_SECTION_AREA" 11600.0
"WEIGHT_PER_UNIT_LENGTH" 90.70
"MOMENT_OF_INERTIA_X" 482000000.0
"MOMENT_OF_INERTIA_Y" 21400000.0
"SECTION_MODULUS_X" 1930000.0
"SECTION_MODULUS_Y" 214000.0
"RADIUS_OF_GYRATION_X" 204.0
"RADIUS_OF_GYRATION_Y" 43.1

PROFILE_NAME "IPE550"
TYPE = 1
SUB_TYPE = 1
"HEIGHT" 550.00
"WIDTH" 210.00
"PLATE_THICKNESS" 11.10
"FLANGE_THICKNESS" 17.20
"ROUNDING_RADIUS" 24.00
"CROSS_SECTION_AREA" 13400.0
"WEIGHT_PER_UNIT_LENGTH" 106.00
"MOMENT_OF_INERTIA_X" 671200000.0
"MOMENT_OF_INERTIA_Y" 26700000.0
"SECTION_MODULUS_X" 2440000.0
"SECTION_MODULUS_Y" 254000.0
"RADIUS_OF_GYRATION_X" 223.0
"RADIUS_OF_GYRATION_Y" 44.5

PROFILE_NAME "IPE600"
TYPE = 1
SUB_TYPE = 1
"HEIGHT" 600.00
"WIDTH" 220.00
"PLATE_THICKNESS" 12.00
"FLANGE_THICKNESS" 19.00
"ROUNDING_RADIUS" 24.00
"CROSS_SECTION_AREA" 15600.0
"WEIGHT_PER_UNIT_LENGTH" 122.00
"MOMENT_OF_INERTIA_X" 920800000.0
"MOMENT_OF_INERTIA_Y" 33900000.0
"SECTION_MODULUS_X" 3070000.0
"SECTION_MODULUS_Y" 308000.0
"RADIUS_OF_GYRATION_X" 243.0
"RADIUS_OF_GYRATION_Y" 46.6

PROFILE_NAME "IPN80"
TYPE = 1
SUB_TYPE = 1
"HEIGHT" 80.00
"WIDTH" 45.00
"PLATE_THICKNESS" 3.90
"FLANGE_THICKNESS" 5.90
"ROUNDING_RADIUS" 2.30
"CROSS_SECTION_AREA" 758.0
"WEIGHT_PER_UNIT_LENGTH" 5.95
"MOMENT_OF_INERTIA_X" 778000.0
"MOMENT_OF_INERTIA_Y" 62900.0
"SECTION_MODULUS_X" 19500.0
"SECTION_MODULUS_Y" 3000.0
"RADIUS_OF_GYRATION_X" 32.0
"RADIUS_OF_GYRATION_Y" 9.1

PROFILE_NAME "IPN100"
TYPE = 1
SUB_TYPE = 1
"HEIGHT" 100.00
"WIDTH" 50.00
"PLATE_THICKNESS" 4.50
"FLANGE_THICKNESS" 6.80
"ROUNDING_RADIUS" 2.70
"CROSS_SECTION_AREA" 1060.0
"WEIGHT_PER_UNIT_LENGTH" 8.32
"MOMENT_OF_INERTIA_X" 1710000.0
"MOMENT_OF_INERTIA_Y" 122000.0
"SECTION_MODULUS_X" 34200.0
"SECTION_MODULUS_Y" 4880.0
"RADIUS_OF_GYRATION_X" 40.1
"RADIUS_OF_GYRATION_Y" 10.7

PROFILE_NAME "IPN120"
TYPE = 1
SUB_TYPE = 1
"HEIGHT" 120.00
"WIDTH" 58.00
"PLATE_THICKNESS" 5.10
"FLANGE_THICKNESS" 7.70
"ROUNDING_RADIUS" 3.10
"CROSS_SECTION_AREA" 1420.0
"WEIGHT_PER_UNIT_LENGTH" 11.10
"MOMENT_OF_INERTIA_X" 3280000.0
"MOMENT_OF_INERTIA_Y" 215000.0
"SECTION_MODULUS_X" 54700.0
"SECTION_MODULUS_Y" 7410.0
"RADIUS_OF_GYRATION_X" 48.1
"RADIUS_OF_GYRATION_Y" 12.3

PROFILE_NAME "IPN140"
TYPE = 1
SUB_TYPE = 1
"HEIGHT" 140.00
"WIDTH" 66.00
"PLATE_THICKNESS" 5.70
"FLANGE_THICKNESS" 8.60
"ROUNDING_RADIUS" 3.40
"CROSS_SECTION_AREA" 1830.0
"WEIGHT_PER_UNIT_LENGTH" 14.40
"MOMENT_OF_INERTIA_X" 5730000.0
"MOMENT_OF_INERTIA_Y" 352000.0
"SECTION_MODULUS_X" 81900.0
"SECTION_MODULUS_Y" 10700.0
"RADIUS_OF_GYRATION_X" 56.1
"RADIUS_OF_GYRATION_Y" 14.0

PROFILE_NAME "IPN160"
TYPE = 1
SUB_TYPE = 1
"HEIGHT" 160.00
"WIDTH" 74.00
"PLATE_THICKNESS" 6.30
"FLANGE_THICKNESS" 9.50
"ROUNDING_RADIUS" 3.80
"CROSS_SECTION_AREA" 2280.0
"WEIGHT_PER_UNIT_LENGTH" 17.90
"MOMENT_OF_INERTIA_X" 9350000.0
"MOMENT_OF_INERTIA_Y" 547000.0
"SECTION_MODULUS_X" 117000.0
"SECTION_MODULUS_Y" 14800.0
"RADIUS_OF_GYRATION_X" 64.0
"RADIUS_OF_GYRATION_Y" 15.5

PROFILE_NAME "IPN180"
TYPE = 1
SUB_TYPE = 1
"HEIGHT" 180.00
"WIDTH" 82.00
"PLATE_THICKNESS" 6.90
"FLANGE_THICKNESS" 10.40
"ROUNDING_RADIUS" 4.10
"CROSS_SECTION_AREA" 2790.0
"WEIGHT_PER_UNIT_LENGTH" 21.90
"MOMENT_OF_INERTIA_X" 14500000.0
"MOMENT_OF_INERTIA_Y" 813000.0
"SECTION_MODULUS_X" 161000.0
"SECTION_MODULUS_Y" 19800.0
"RADIUS_OF_GYRATION_X" 72.0
"RADIUS_OF_GYRATION_Y" 17.1

PROFILE_NAME "IPN200"
TYPE = 1
SUB_TYPE = 1
"HEIGHT" 200.00
"WIDTH" 90.00
"PLATE_THICKNESS" 7.50
"FLANGE_THICKNESS" 11.30
"ROUNDING_RADIUS" 4.50
"CROSS_SECTION_AREA" 3350.0
"WEIGHT_PER_UNIT_LENGTH" 26.30
"MOMENT_OF_INERTIA_X" 21400000.0
"MOMENT_OF_INERTIA_Y" 1170000.0
"SECTION_MODULUS_X" 214000.0
"SECTION_MODULUS_Y" 26000.0
"RADIUS_OF_GYRATION_X" 80.0
"RADIUS_OF_GYRATION_Y" 18.7

PROFILE_NAME "IPN220"
TYPE = 1
SUB_TYPE = 1
"HEIGHT" 220.00
"WIDTH" 98.00
"PLATE_THICKNESS" 8.10
"FLANGE_THICKNESS" 12.20
"ROUNDING_RADIUS" 4.90
"CROSS_SECTION_AREA" 3960.0
"WEIGHT_PER_UNIT_LENGTH" 31.10
"MOMENT_OF_INERTIA_X" 30600000.0
"MOMENT_OF_INERTIA_Y" 1620000.0
"SECTION_MODULUS_X" 278000.0
"SECTION_MODULUS_Y" 33100.0
"RADIUS_OF_GYRATION_X" 88.0
"RADIUS_OF_GYRATION_Y" 20.2

PROFILE_NAME "IPN240"
TYPE = 1
SUB_TYPE = 1
"HEIGHT" 240.00
"WIDTH" 106.00
"PLATE_THICKNESS" 8.70
"FLANGE_THICKNESS" 13.10
"ROUNDING_RADIUS" 5.20
"CROSS_SECTION_AREA" 4610.0
"WEIGHT_PER_UNIT_LENGTH" 36.20
"MOMENT_OF_INERTIA_X" 42500000.0
"MOMENT_OF_INERTIA_Y" 2210000.0
"SECTION_MODULUS_X" 354000.0
"SECTION_MODULUS_Y" 41700.0
"RADIUS_OF_GYRATION_X" 95.9
"RADIUS_OF_GYRATION_Y" 22.0

PROFILE_NAME "IPN260"
TYPE = 1
SUB_TYPE = 1
"HEIGHT" 260.00
"WIDTH" 113.00
"PLATE_THICKNESS" 9.40
"FLANGE_THICKNESS" 14.10
"ROUNDING_RADIUS" 5.60
"CROSS_SECTION_AREA" 5340.0
"WEIGHT_PER_UNIT_LENGTH" 41.90
"MOMENT_OF_INERTIA_X" 57400000.0
"MOMENT_OF_INERTIA_Y" 2880000.0
"SECTION_MODULUS_X" 442000.0
"SECTION_MODULUS_Y" 51000.0
"RADIUS_OF_GYRATION_X" 104.0
"RADIUS_OF_GYRATION_Y" 23.2

PROFILE_NAME "IPN280"
TYPE = 1
SUB_TYPE = 1
"HEIGHT" 280.00
"WIDTH" 119.00
"PLATE_THICKNESS" 10.10
"FLANGE_THICKNESS" 15.20
"ROUNDING_RADIUS" 6.10
"CROSS_SECTION_AREA" 6110.0
"WEIGHT_PER_UNIT_LENGTH" 48.00
"MOMENT_OF_INERTIA_X" 75900000.0
"MOMENT_OF_INERTIA_Y" 3640000.0
"SECTION_MODULUS_X" 542000.0
"SECTION_MODULUS_Y" 61200.0
"RADIUS_OF_GYRATION_X" 111.0
"RADIUS_OF_GYRATION_Y" 24.5

PROFILE_NAME "IPN300"
TYPE = 1
SUB_TYPE = 1
"HEIGHT" 300.00
"WIDTH" 125.00
"PLATE_THICKNESS" 10.80
"FLANGE_THICKNESS" 16.20
"ROUNDING_RADIUS" 6.50
"CROSS_SECTION_AREA" 6910.0
"WEIGHT_PER_UNIT_LENGTH" 54.20
"MOMENT_OF_INERTIA_X" 98000000.0
"MOMENT_OF_INERTIA_Y" 4510000.0
"SECTION_MODULUS_X" 653000.0
"SECTION_MODULUS_Y" 72200.0
"RADIUS_OF_GYRATION_X" 119.0
"RADIUS_OF_GYRATION_Y" 25.6

PROFILE_NAME "IPN320"
TYPE = 1
SUB_TYPE = 1
"HEIGHT" 320.00
"WIDTH" 131.00
"PLATE_THICKNESS" 11.50
"FLANGE_THICKNESS" 17.30
"ROUNDING_RADIUS" 6.90
"CROSS_SECTION_AREA" 7780.0
"WEIGHT_PER_UNIT_LENGTH" 61.10
"MOMENT_OF_INERTIA_X" 125100000.0
"MOMENT_OF_INERTIA_Y" 5550000.0
"SECTION_MODULUS_X" 782000.0
"SECTION_MODULUS_Y" 84700.0
"RADIUS_OF_GYRATION_X" 127.0
"RADIUS_OF_GYRATION_Y" 26.7

PROFILE_NAME "IPN340"
TYPE = 1
SUB_TYPE = 1
"HEIGHT" 340.00
"WIDTH" 137.00
"PLATE_THICKNESS" 12.20
"FLANGE_THICKNESS" 18.30
"ROUNDING_RADIUS" 7.30
"CROSS_SECTION_AREA" 8680.0
"WEIGHT_PER_UNIT_LENGTH" 68.10
"MOMENT_OF_INERTIA_X" 157000000.0
"MOMENT_OF_INERTIA_Y" 6740000.0
"SECTION_MODULUS_X" 923000.0
"SECTION_MODULUS_Y" 98400.0
"RADIUS_OF_GYRATION_X" 135.0
"RADIUS_OF_GYRATION_Y" 28.0

PROFILE_NAME "IPN360"
TYPE = 1
SUB_TYPE = 1
"HEIGHT" 360.00
"WIDTH" 143.00
"PLATE_THICKNESS" 13.00
"FLANGE_THICKNESS" 19.50
"ROUNDING_RADIUS" 7.80
"CROSS_SECTION_AREA" 9710.0
"WEIGHT_PER_UNIT_LENGTH" 76.20
"MOMENT_OF_INERTIA_X" 196100000.0
"MOMENT_OF_INERTIA_Y" 8180000.0
"SECTION_MODULUS_X" 1090000.0
"SECTION_MODULUS_Y" 114000.0
"RADIUS_OF_GYRATION_X" 142.0
"RADIUS_OF_GYRATION_Y" 29.0

PROFILE_NAME "IPN380"
TYPE = 1
SUB_TYPE = 1
"HEIGHT" 380.00
"WIDTH" 149.00
"PLATE_THICKNESS" 13.70
"FLANGE_THICKNESS" 20.50
"ROUNDING_RADIUS" 8.20
"CROSS_SECTION_AREA" 10700.0
"WEIGHT_PER_UNIT_LENGTH" 84.00
"MOMENT_OF_INERTIA_X" 240100000.0
"MOMENT_OF_INERTIA_Y" 9750000.0
"SECTION_MODULUS_X" 1260000.0
"SECTION_MODULUS_Y" 131000.0
"RADIUS_OF_GYRATION_X" 150.0
"RADIUS_OF_GYRATION_Y" 30.2

PROFILE_NAME "IPN400"
TYPE = 1
SUB_TYPE = 1
"HEIGHT" 400.00
"WIDTH" 155.00
"PLATE_THICKNESS" 14.60
"FLANGE_THICKNESS" 21.60
"ROUNDING_RADIUS" 8.60
"CROSS_SECTION_AREA" 11800.0
"WEIGHT_PER_UNIT_LENGTH" 92.60
"MOMENT_OF_INERTIA_X" 292100000.0
"MOMENT_OF_INERTIA_Y" 11600000.0
"SECTION_MODULUS_X" 1460000.0
"SECTION_MODULUS_Y" 148000.0
"RADIUS_OF_GYRATION_X" 157.0
"RADIUS_OF_GYRATION_Y" 31.3

PROFILE_NAME "IPN450"
TYPE = 1
SUB_TYPE = 1
"HEIGHT" 450.00
"WIDTH" 170.00
"PLATE_THICKNESS" 16.20
"FLANGE_THICKNESS" 24.30
"ROUNDING_RADIUS" 9.70
"CROSS_SECTION_AREA" 14700.0
"WEIGHT_PER_UNIT_LENGTH" 115.00
"MOMENT_OF_INERTIA_X" 458500000.0
"MOMENT_OF_INERTIA_Y" 17300000.0
"SECTION_MODULUS_X" 2040000.0
"SECTION_MODULUS_Y" 203000.0
"RADIUS_OF_GYRATION_X" 177.0
"RADIUS_OF_GYRATION_Y" 34.3

PROFILE_NAME "IPN500"
TYPE = 1
SUB_TYPE = 1
"HEIGHT" 500.00
"WIDTH" 185.00
"PLATE_THICKNESS" 18.00
"FLANGE_THICKNESS" 27.00
"ROUNDING_RADIUS" 10.80
"CROSS_SECTION_AREA" 18000.0
"WEIGHT_PER_UNIT_LENGTH" 141.00
"MOMENT_OF_INERTIA_X" 687400000.0
"MOMENT_OF_INERTIA_Y" 24800000.0
"SECTION_MODULUS_X" 2750000.0
"SECTION_MODULUS_Y" 268000.0
"RADIUS_OF_GYRATION_X" 196.0
"RADIUS_OF_GYRATION_Y" 37.1

PROFILE_NAME "IPN550"
TYPE = 1
SUB_TYPE = 1
"HEIGHT" 550.00
"WIDTH" 200.00
"PLATE_THICKNESS" 19.00
"FLANGE_THICKNESS" 30.00
"ROUNDING_RADIUS" 11.90
"CROSS_SECTION_AREA" 21300.0
"WEIGHT_PER_UNIT_LENGTH" 167.00
"MOMENT_OF_INERTIA_X" 991800000.0
"MOMENT_OF_INERTIA_Y" 34900000.0
"SECTION_MODULUS_X" 3610000.0
"SECTION_MODULUS_Y" 349000.0
"RADIUS_OF_GYRATION_X" 216.0
"RADIUS_OF_GYRATION_Y" 40.2

PROFILE_NAME "IPN600"
TYPE = 1
SUB_TYPE = 1
"HEIGHT" 600.00
"WIDTH" 215.00
"PLATE_THICKNESS" 21.60
"FLANGE_THICKNESS" 32.40
"ROUNDING_RADIUS" 13.00
"CROSS_SECTION_AREA" 25400.0
"WEIGHT_PER_UNIT_LENGTH" 199.00
"MOMENT_OF_INERTIA_X" 1390000000.0
"MOMENT_OF_INERTIA_Y" 46700000.0
"SECTION_MODULUS_X" 4630000.0
"SECTION_MODULUS_Y" 434000.0
"RADIUS_OF_GYRATION_X" 234.0
"RADIUS_OF_GYRATION_Y" 43.0

PROFILE_NAME "UPN80"
TYPE = 1
SUB_TYPE = 1
"HEIGHT" 80.00
"WIDTH" 45.00
"PLATE_THICKNESS" 6.00
"FLANGE_THICKNESS" 8.00
"ROUNDING_RADIUS" 4.00
"CROSS_SECTION_AREA" 1100.0
"WEIGHT_PER_UNIT_LENGTH" 8.64
"MOMENT_OF_INERTIA_X" 1060000.0
"MOMENT_OF_INERTIA_Y" 194000.0
"SECTION_MODULUS_X" 26500.0
"SECTION_MODULUS_Y" 6360.0
"RADIUS_OF_GYRATION_X" 31.0
"RADIUS_OF_GYRATION_Y" 13.3

PROFILE_NAME "UPN100"
TYPE = 1
SUB_TYPE = 1
"HEIGHT" 100.00
"WIDTH" 50.00
"PLATE_THICKNESS" 6.00
"FLANGE_THICKNESS" 8.50
"ROUNDING_RADIUS" 4.50
"CROSS_SECTION_AREA" 1350.0
"WEIGHT_PER_UNIT_LENGTH" 10.60
"MOMENT_OF_INERTIA_X" 2060000.0
"MOMENT_OF_INERTIA_Y" 293000.0
"SECTION_MODULUS_X" 41200.0
"SECTION_MODULUS_Y" 8490.0
"RADIUS_OF_GYRATION_X" 39.1
"RADIUS_OF_GYRATION_Y" 14.7

PROFILE_NAME "UPN120"
TYPE = 1
SUB_TYPE = 1
"HEIGHT" 120.00
"WIDTH" 55.00
"PLATE_THICKNESS" 7.00
"FLANGE_THICKNESS" 9.00
"ROUNDING_RADIUS" 4.50
"CROSS_SECTION_AREA" 1700.0
"WEIGHT_PER_UNIT_LENGTH" 13.40
"MOMENT_OF_INERTIA_X" 3640000.0
"MOMENT_OF_INERTIA_Y" 432000.0
"SECTION_MODULUS_X" 60700.0
"SECTION_MODULUS_Y" 11100.0
"RADIUS_OF_GYRATION_X" 46.2
"RADIUS_OF_GYRATION_Y" 15.9

PROFILE_NAME "UPN140"
TYPE = 1
SUB_TYPE = 1
"HEIGHT" 140.00
"WIDTH" 60.00
"PLATE_THICKNESS" 7.00
"FLANGE_THICKNESS" 10.00
"ROUNDING_RADIUS" 5.00
"CROSS_SECTION_AREA" 2040.0
"WEIGHT_PER_UNIT_LENGTH" 16.00
"MOMENT_OF_INERTIA_X" 6050000.0
"MOMENT_OF_INERTIA_Y" 627000.0
"SECTION_MODULUS_X" 86400.0
"SECTION_MODULUS_Y" 14800.0
"RADIUS_OF_GYRATION_X" 54.5
"RADIUS_OF_GYRATION_Y" 17.5

PROFILE_NAME "UPN160"
TYPE = 1
SUB_TYPE = 1
"HEIGHT" 160.00
"WIDTH" 65.00
"PLATE_THICKNESS" 7.50
"FLANGE_THICKNESS" 10.50
"ROUNDING_RADIUS" 5.50
"CROSS_SECTION_AREA" 2400.0
"WEIGHT_PER_UNIT_LENGTH" 18.80
"MOMENT_OF_INERTIA_X" 9250000.0
"MOMENT_OF_INERTIA_Y" 853000.0
"SECTION_MODULUS_X" 116000.0
"SECTION_MODULUS_Y" 18300.0
"RADIUS_OF_GYRATION_X" 62.1
"RADIUS_OF_GYRATION_Y" 18.9

PROFILE_NAME "UPN180"
TYPE = 1
SUB_TYPE = 1
"HEIGHT" 180.00
"WIDTH" 70.00
"PLATE_THICKNESS" 8.00
"FLANGE_THICKNESS" 11.00
"ROUNDING_RADIUS" 5.50
"CROSS_SECTION_AREA" 2700.0
"WEIGHT_PER_UNIT_LENGTH" 22.00
"MOMENT_OF_INERTIA_X" 13500000.0
"MOMENT_OF_INERTIA_Y" 1140000.0
"SECTION_MODULUS_X" 150000.0
"SECTION_MODULUS_Y" 22400.0
"RADIUS_OF_GYRATION_X" 69.5
"RADIUS_OF_GYRATION_Y" 20.2

PROFILE_NAME "UPN200"
TYPE = 1
SUB_TYPE = 1
"HEIGHT" 200.00
"WIDTH" 75.00
"PLATE_THICKNESS" 8.50
"FLANGE_THICKNESS" 11.50
"ROUNDING_RADIUS" 6.00
"CROSS_SECTION_AREA" 3220.0
"WEIGHT_PER_UNIT_LENGTH" 25.30
"MOMENT_OF_INERTIA_X" 19100000.0
"MOMENT_OF_INERTIA_Y" 1480000.0
"SECTION_MODULUS_X" 191000.0
"SECTION_MODULUS_Y" 27000.0
"RADIUS_OF_GYRATION_X" 77.0
"RADIUS_OF_GYRATION_Y" 21.4

PROFILE_NAME "UPN220"
TYPE = 1
SUB_TYPE = 1
"HEIGHT" 220.00
"WIDTH" 80.00
"PLATE_THICKNESS" 9.00
"FLANGE_THICKNESS" 12.50
"ROUNDING_RADIUS" 6.50
"CROSS_SECTION_AREA" 3740.0
"WEIGHT_PER_UNIT_LENGTH" 29.40
"MOMENT_OF_INERTIA_X" 26900000.0
"MOMENT_OF_INERTIA_Y" 1970000.0
"SECTION_MODULUS_X" 245000.0
"SECTION_MODULUS_Y" 33600.0
"RADIUS_OF_GYRATION_X" 84.8
"RADIUS_OF_GYRATION_Y" 23.0

PROFILE_NAME "UPN240"
TYPE = 1
SUB_TYPE = 1
"HEIGHT" 240.00
"WIDTH" 85.00
"PLATE_THICKNESS" 9.50
"FLANGE_THICKNESS" 13.00
"ROUNDING_RADIUS" 6.50
"CROSS_SECTION_AREA" 4230.0
"WEIGHT_PER_UNIT_LENGTH" 33.20
"MOMENT_OF_INERTIA_X" 36000000.0
"MOMENT_OF_INERTIA_Y" 2480000.0
"SECTION_MODULUS_X" 300000.0
"SECTION_MODULUS_Y" 39600.0
"RADIUS_OF_GYRATION_X" 92.2
"RADIUS_OF_GYRATION_Y" 24.2

PROFILE_NAME "UPN260"
TYPE = 1
SUB_TYPE = 1
"HEIGHT" 260.00
"WIDTH" 90.00
"PLATE_THICKNESS" 10.00
"FLANGE_THICKNESS" 14.00
"ROUNDING_RADIUS" 7.00
"CROSS_SECTION_AREA" 4830.0
"WEIGHT_PER_UNIT_LENGTH" 37.90
"MOMENT_OF_INERTIA_X" 48200000.0
"MOMENT_OF_INERTIA_Y" 3170000.0
"SECTION_MODULUS_X" 371000.0
"SECTION_MODULUS_Y" 47700.0
"RADIUS_OF_GYRATION_X" 99.9
"RADIUS_OF_GYRATION_Y" 25.6

PROFILE_NAME "UPN280"
TYPE = 1
SUB_TYPE = 1
"HEIGHT" 280.00
"WIDTH" 95.00
"PLATE_THICKNESS" 10.00
"FLANGE_THICKNESS" 15.00
"ROUNDING_RADIUS" 7.50
"CROSS_SECTION_AREA" 5330.0
"WEIGHT_PER_UNIT_LENGTH" 41.80
"MOMENT_OF_INERTIA_X" 62800000.0
"MOMENT_OF_INERTIA_Y" 3990000.0
"SECTION_MODULUS_X" 448000.0
"SECTION_MODULUS_Y" 57200.0
"RADIUS_OF_GYRATION_X" 109.0
"RADIUS_OF_GYRATION_Y" 27.4

PROFILE_NAME "UPN300"
TYPE = 1
SUB_TYPE = 1
"HEIGHT" 300.00
"WIDTH" 100.00
"PLATE_THICKNESS" 10.00
"FLANGE_THICKNESS" 16.00
"ROUNDING_RADIUS" 8.00
"CROSS_SECTION_AREA" 5880.0
"WEIGHT_PER_UNIT_LENGTH" 46.20
"MOMENT_OF_INERTIA_X" 80300000.0
"MOMENT_OF_INERTIA_Y" 4950000.0
"SECTION_MODULUS_X" 535000.0
"SECTION_MODULUS_Y" 67800.0
"RADIUS_OF_GYRATION_X" 117.0
"RADIUS_OF_GYRATION_Y" 29.0
